<?xml version="1.0" encoding="UTF-8"?>
<testsuites name="Mocha Tests" time="0.0560" tests="1" failures="0">
  <testsuite name="Root Suite" timestamp="2025-03-08T17:11:35" tests="0" time="0.0000" failures="0">
  </testsuite>
  <testsuite name="GET /" timestamp="2025-03-08T17:11:35" tests="1" file="C:\Users\kevin\OneDrive - National College of Ireland\Year 4\DevOpsSec\SimpleApplication\test\app.test.js" time="0.0560" failures="0">
    <testcase name="GET / should return a 200 status and render the index page" time="0.0560" classname="should return a 200 status and render the index page">
    </testcase>
  </testsuite>
</testsuites>